#-----------------------------------------------------------
# Vivado v2019.2 (64-bit)
# SW Build 2708876 on Wed Nov  6 21:40:23 MST 2019
# IP Build 2700528 on Thu Nov  7 00:09:20 MST 2019
# Start of session at: Mon Jan 25 19:50:44 2021
# Process ID: 17176
# Current directory: C:/Users/sel19/Documents/desktop/arqui/vivado/procesador_risc/escomips
# Command line: vivado.exe -gui_launcher_event rodinguilauncherevent15384 C:\Users\sel19\Documents\desktop\arqui\vivado\procesador_risc\escomips\escomips.xpr
# Log file: C:/Users/sel19/Documents/desktop/arqui/vivado/procesador_risc/escomips/vivado.log
# Journal file: C:/Users/sel19/Documents/desktop/arqui/vivado/procesador_risc/escomips\vivado.jou
#-----------------------------------------------------------
start_gui
open_project C:/Users/sel19/Documents/desktop/arqui/vivado/procesador_risc/escomips/escomips.xpr
reset_run synth_1
launch_runs synth_1 -jobs 4
wait_on_run synth_1
set_msg_config -suppress -id {Synth 8-3331} -string {{WARNING: [Synth 8-3331] design bloque_condicion has unconnected port flags_alu[3]} } 
launch_simulation
source procesador.tcl
reset_run synth_1
launch_runs synth_1 -jobs 4
wait_on_run synth_1
close_sim
launch_simulation
source procesador.tcl
open_project C:/Users/sel19/Desktop/ESCOMIPS/ESCOMIPS.xpr
update_compile_order -fileset sources_1
current_project escomips
current_project ESCOMIPS
current_project escomips
reset_run synth_1
launch_runs synth_1 -jobs 4
wait_on_run synth_1
reset_run synth_1
launch_runs synth_1 -jobs 4
wait_on_run synth_1
current_project ESCOMIPS
current_project escomips
reset_run synth_1
launch_runs synth_1 -jobs 4
wait_on_run synth_1
reset_run synth_1
launch_runs synth_1 -jobs 4
wait_on_run synth_1
reset_run synth_1
launch_runs synth_1 -jobs 4
wait_on_run synth_1
reset_run synth_1
launch_runs synth_1 -jobs 4
wait_on_run synth_1
current_project ESCOMIPS
launch_runs synth_1 -jobs 4
wait_on_run synth_1
current_project escomips
reset_run synth_1
launch_runs synth_1 -jobs 4
wait_on_run synth_1
close_sim
launch_simulation
source procesador.tcl
close_sim
launch_simulation
source procesador.tcl
close_sim
launch_simulation
source procesador.tcl
close_sim
launch_simulation
source procesador.tcl
close_sim
launch_simulation
source procesador.tcl
remove_forces { {/procesador/clr} }
# Disabling source management mode.  This is to allow the top design properties to be set without GUI intervention.
set_property source_mgmt_mode None [current_project]
set_property top test_bech_procesador [get_filesets sim_1]
set_property top_lib xil_defaultlib [get_filesets sim_1]
# Re-enabling previously disabled source management mode.
set_property source_mgmt_mode DisplayOnly [current_project]
launch_simulation
launch_simulation
relaunch_sim
launch_simulation
launch_simulation
launch_simulation
set_property SOURCE_SET sources_1 [get_filesets sim_1]
close [ open C:/Users/sel19/Documents/desktop/arqui/vivado/procesador_risc/escomips/escomips.srcs/sim_1/new/test_b.vhd w ]
add_files -fileset sim_1 C:/Users/sel19/Documents/desktop/arqui/vivado/procesador_risc/escomips/escomips.srcs/sim_1/new/test_b.vhd
# Disabling source management mode.  This is to allow the top design properties to be set without GUI intervention.
set_property source_mgmt_mode None [current_project]
set_property top test_b [get_filesets sim_1]
set_property top_lib xil_defaultlib [get_filesets sim_1]
# Re-enabling previously disabled source management mode.
set_property source_mgmt_mode DisplayOnly [current_project]
launch_simulation
current_project ESCOMIPS
close_project
close_sim
launch_simulation
source test_b.tcl
reset_run synth_1
launch_runs synth_1 -jobs 4
wait_on_run synth_1
set_msg_config -suppress -id {Synth 8-3917} -string {{WARNING: [Synth 8-3917] design procesador has port instruccion[19] driven by constant 0} } 
set_msg_config -suppress -id {Synth 8-3917} -string {{WARNING: [Synth 8-3917] design procesador has port instruccion[15] driven by constant 0} } 
set_msg_config -suppress -id {Synth 8-3917} -string {{WARNING: [Synth 8-3917] design procesador has port instruccion[11] driven by constant 0} } 
set_msg_config -suppress -id {Synth 8-3917} -string {{WARNING: [Synth 8-3917] design procesador has port instruccion[10] driven by constant 0} } 
set_msg_config -suppress -id {Synth 8-3917} -string {{WARNING: [Synth 8-3917] design procesador has port instruccion[9] driven by constant 0} } 
set_msg_config -suppress -id {Synth 8-3917} -string {{WARNING: [Synth 8-3917] design procesador has port instruccion[7] driven by constant 0} } 
set_msg_config -suppress -id {Synth 8-3917} -string {{WARNING: [Synth 8-3917] design procesador has port instruccion[6] driven by constant 0} } 
set_msg_config -suppress -id {Synth 8-3917} -string {{WARNING: [Synth 8-3917] design procesador has port instruccion[5] driven by constant 0} } 
close_sim
launch_simulation
source test_b.tcl
close_sim
launch_simulation
source test_b.tcl
close_sim
launch_simulation
source test_b.tcl
close_sim
launch_simulation
source test_b.tcl
close_sim
launch_simulation
source test_b.tcl
close_sim
launch_simulation
source test_b.tcl
close_sim
launch_simulation
source test_b.tcl
close_sim
launch_simulation
source test_b.tcl
close_sim
launch_simulation
source test_b.tcl
close_sim
launch_simulation
source test_b.tcl
close_sim
launch_simulation
source test_b.tcl
close_sim
launch_simulation
source test_b.tcl
close_sim
launch_simulation
source test_b.tcl
close_sim
launch_simulation
source test_b.tcl
reset_run synth_1
launch_runs synth_1 -jobs 4
wait_on_run synth_1
close_sim
launch_simulation
launch_simulation
launch_simulation
source test_b.tcl
close_sim
launch_simulation
source test_b.tcl
